---
source: jeprofl/src/report/pretty.rs
assertion_line: 314
expression: buf
---
≤UpperBound |     Count | Percentage | ##################################################
----------+-----------+-----------+--------------------------------------------------
<=2097151  |         1 |    50.00% | ##################################################
<=2147483647 |         1 |    50.00% | ##################################################
Total count: 1074790400 across 2 events
