---
source: jeprofl/src/report/pretty.rs
assertion_line: 331
expression: buf
---
≤UpperBound |     Count | Percentage | ##################################################
----------+-----------+-----------+--------------------------------------------------
<=1        |      1000 |    99.90% | ##################################################
<=1023     |         1 |     0.10% | 
Total count: 2023 across 1001 events
