---
source: jeprofl/src/report/pretty.rs
expression: buf
---
≤UpperBound | Count     | Percentage | ##################################################
----------+-----------+------------+--------------------------------------------------
<=1023     |         1 |    100.00% | ##################################################
Total value: 1023 across 1 events
